Build started 1/11/2026 3:40:15 PM.
Logging verbosity is set to: Normal.     1>Project "D:\ASP.net\CP2396H07_G01\CP2396H07_G01\CP2396H07_G01.csproj" on node 1 (Restore target(s)).
     1>_GetAllRestoreProjectPathItems:
         Determining projects to restore...
       Restore:
         X.509 certificate chain validation will use the default trust store selected by .NET for code signing.
         X.509 certificate chain validation will use the default trust store selected by .NET for timestamping.
         Assets file has not changed. Skipping assets file writing. Path: D:\ASP.net\CP2396H07_G01\CP2396H07_G01\obj\project.assets.json
         Restored D:\ASP.net\CP2396H07_G01\CP2396H07_G01\CP2396H07_G01.csproj (in 65 ms).
         
         NuGet Config files used:
             C:\Users\ADMIN\AppData\Roaming\NuGet\NuGet.Config
             C:\Program Files (x86)\NuGet\Config\Microsoft.VisualStudio.FallbackLocation.config
             C:\Program Files (x86)\NuGet\Config\Microsoft.VisualStudio.Offline.config
         
         Feeds used:
             https://api.nuget.org/v3/index.json
             C:\Program Files (x86)\Microsoft SDKs\NuGetPackages\
         All projects are up-to-date for restore.
     1>Done Building Project "D:\ASP.net\CP2396H07_G01\CP2396H07_G01\CP2396H07_G01.csproj" (Restore target(s)).
   1:7>Project "D:\ASP.net\CP2396H07_G01\CP2396H07_G01\CP2396H07_G01.csproj" on node 1 (default targets).
     1>GenerateTargetFrameworkMonikerAttribute:
       Skipping target "GenerateTargetFrameworkMonikerAttribute" because all output files are up-to-date with respect to the input files.
       CoreGenerateAssemblyInfo:
       Skipping target "CoreGenerateAssemblyInfo" because all output files are up-to-date with respect to the input files.
       _DiscoverMvcApplicationParts:
       Skipping target "_DiscoverMvcApplicationParts" because all output files are up-to-date with respect to the input files.
       _CoreGenerateRazorAssemblyInfo:
       Skipping target "_CoreGenerateRazorAssemblyInfo" because all output files are up-to-date with respect to the input files.
       _GenerateSourceLinkFile:
         Source Link file 'obj\Debug\net8.0\CP2396H07_G01.sourcelink.json' is up-to-date.
       CoreCompile:
       Skipping target "CoreCompile" because all output files are up-to-date with respect to the input files.
       _CreateAppHost:
       Skipping target "_CreateAppHost" because all output files are up-to-date with respect to the input files.
       _ProcessScopedCssFiles:
       Skipping target "_ProcessScopedCssFiles" because all output files are up-to-date with respect to the input files.
       ResolveBuildCompressedStaticWebAssetsConfiguration:
         Resolved 0 compressed assets for 0 candidate assets.
       _BuildCopyStaticWebAssetsPreserveNewest:
       Skipping target "_BuildCopyStaticWebAssetsPreserveNewest" because it has no outputs.
       _CopyOutOfDateSourceItemsToOutputDirectory:
       Skipping target "_CopyOutOfDateSourceItemsToOutputDirectory" because all output files are up-to-date with respect to the input files.
       GenerateBuildDependencyFile:
       Skipping target "GenerateBuildDependencyFile" because all output files are up-to-date with respect to the input files.
       GenerateBuildRuntimeConfigurationFiles:
       Skipping target "GenerateBuildRuntimeConfigurationFiles" because all output files are up-to-date with respect to the input files.
       CopyFilesToOutputDirectory:
         CP2396H07_G01 -> D:\ASP.net\CP2396H07_G01\CP2396H07_G01\bin\Debug\net8.0\CP2396H07_G01.dll
     1>Done Building Project "D:\ASP.net\CP2396H07_G01\CP2396H07_G01\CP2396H07_G01.csproj" (default targets).

Build succeeded.
    0 Warning(s)
    0 Error(s)

Time Elapsed 00:00:01.49
