  Determining projects to restore...
  All projects are up-to-date for restore.
D:\ASP.net\CP2396H07_G01\CP2396H07_G01\Data\AppDbContext.cs(1,37): error CS0234: The type or namespace name 'EntityFrameworkCore' does not exist in the namespace 'Microsoft.AspNetCore.Identity' (are you missing an assembly reference?) [D:\ASP.net\CP2396H07_G01\CP2396H07_G01\CP2396H07_G01.csproj]
D:\ASP.net\CP2396H07_G01\CP2396H07_G01\Data\AppDbContext.cs(2,17): error CS0234: The type or namespace name 'EntityFrameworkCore' does not exist in the namespace 'Microsoft' (are you missing an assembly reference?) [D:\ASP.net\CP2396H07_G01\CP2396H07_G01\CP2396H07_G01.csproj]
D:\ASP.net\CP2396H07_G01\CP2396H07_G01\Program.cs(1,17): error CS0234: The type or namespace name 'EntityFrameworkCore' does not exist in the namespace 'Microsoft' (are you missing an assembly reference?) [D:\ASP.net\CP2396H07_G01\CP2396H07_G01\CP2396H07_G01.csproj]
D:\ASP.net\CP2396H07_G01\CP2396H07_G01\Data\AppDbContext.cs(7,33): error CS0246: The type or namespace name 'IdentityDbContext<>' could not be found (are you missing a using directive or an assembly reference?) [D:\ASP.net\CP2396H07_G01\CP2396H07_G01\CP2396H07_G01.csproj]
D:\ASP.net\CP2396H07_G01\CP2396H07_G01\Data\AppDbContext.cs(9,29): error CS0246: The type or namespace name 'DbContextOptions<>' could not be found (are you missing a using directive or an assembly reference?) [D:\ASP.net\CP2396H07_G01\CP2396H07_G01\CP2396H07_G01.csproj]

Build FAILED.

D:\ASP.net\CP2396H07_G01\CP2396H07_G01\Data\AppDbContext.cs(1,37): error CS0234: The type or namespace name 'EntityFrameworkCore' does not exist in the namespace 'Microsoft.AspNetCore.Identity' (are you missing an assembly reference?) [D:\ASP.net\CP2396H07_G01\CP2396H07_G01\CP2396H07_G01.csproj]
D:\ASP.net\CP2396H07_G01\CP2396H07_G01\Data\AppDbContext.cs(2,17): error CS0234: The type or namespace name 'EntityFrameworkCore' does not exist in the namespace 'Microsoft' (are you missing an assembly reference?) [D:\ASP.net\CP2396H07_G01\CP2396H07_G01\CP2396H07_G01.csproj]
D:\ASP.net\CP2396H07_G01\CP2396H07_G01\Program.cs(1,17): error CS0234: The type or namespace name 'EntityFrameworkCore' does not exist in the namespace 'Microsoft' (are you missing an assembly reference?) [D:\ASP.net\CP2396H07_G01\CP2396H07_G01\CP2396H07_G01.csproj]
D:\ASP.net\CP2396H07_G01\CP2396H07_G01\Data\AppDbContext.cs(7,33): error CS0246: The type or namespace name 'IdentityDbContext<>' could not be found (are you missing a using directive or an assembly reference?) [D:\ASP.net\CP2396H07_G01\CP2396H07_G01\CP2396H07_G01.csproj]
D:\ASP.net\CP2396H07_G01\CP2396H07_G01\Data\AppDbContext.cs(9,29): error CS0246: The type or namespace name 'DbContextOptions<>' could not be found (are you missing a using directive or an assembly reference?) [D:\ASP.net\CP2396H07_G01\CP2396H07_G01\CP2396H07_G01.csproj]
    0 Warning(s)
    5 Error(s)

Time Elapsed 00:00:02.10
