Using project 'D:\ASP.net\CP2396H07_G01\CP2396H07_G01\CP2396H07_G01.csproj'.
Using startup project 'D:\ASP.net\CP2396H07_G01\CP2396H07_G01\CP2396H07_G01.csproj'.
dotnet msbuild /target:GetEFProjectMetadata /property:EFProjectMetadataFile=C:\Users\ADMIN\AppData\Local\Temp\tmpenim0w.tmp /verbosity:quiet /nologo D:\ASP.net\CP2396H07_G01\CP2396H07_G01\CP2396H07_G01.csproj
dotnet msbuild /target:GetEFProjectMetadata /property:EFProjectMetadataFile=C:\Users\ADMIN\AppData\Local\Temp\tmprwppav.tmp /verbosity:quiet /nologo D:\ASP.net\CP2396H07_G01\CP2396H07_G01\CP2396H07_G01.csproj
Build started...
dotnet build D:\ASP.net\CP2396H07_G01\CP2396H07_G01\CP2396H07_G01.csproj /verbosity:quiet /nologo /p:PublishAot=false

Build succeeded.
    0 Warning(s)
    0 Error(s)

Time Elapsed 00:00:01.44

Build succeeded.
dotnet exec --depsfile D:\ASP.net\CP2396H07_G01\CP2396H07_G01\bin\Debug\net8.0\CP2396H07_G01.deps.json --additionalprobingpath C:\Users\ADMIN\.nuget\packages --additionalprobingpath "C:\Program Files (x86)\Microsoft Visual Studio\Shared\NuGetPackages" --runtimeconfig D:\ASP.net\CP2396H07_G01\CP2396H07_G01\bin\Debug\net8.0\CP2396H07_G01.runtimeconfig.json C:\Users\ADMIN\.dotnet\tools\.store\dotnet-ef\9.0.9\dotnet-ef\9.0.9\tools\net8.0\any\tools\netcoreapp2.0\any\ef.dll database update --assembly D:\ASP.net\CP2396H07_G01\CP2396H07_G01\bin\Debug\net8.0\CP2396H07_G01.dll --project D:\ASP.net\CP2396H07_G01\CP2396H07_G01\CP2396H07_G01.csproj --startup-assembly D:\ASP.net\CP2396H07_G01\CP2396H07_G01\bin\Debug\net8.0\CP2396H07_G01.dll --startup-project D:\ASP.net\CP2396H07_G01\CP2396H07_G01\CP2396H07_G01.csproj --project-dir D:\ASP.net\CP2396H07_G01\CP2396H07_G01\ --root-namespace CP2396H07_G01 --language C# --framework net8.0 --nullable --working-dir D:\ASP.net\CP2396H07_G01\CP2396H07_G01 --verbose
Using assembly 'CP2396H07_G01'.
Using startup assembly 'CP2396H07_G01'.
Using application base 'D:\ASP.net\CP2396H07_G01\CP2396H07_G01\bin\Debug\net8.0'.
Using working directory 'D:\ASP.net\CP2396H07_G01\CP2396H07_G01'.
Using root namespace 'CP2396H07_G01'.
Using project directory 'D:\ASP.net\CP2396H07_G01\CP2396H07_G01\'.
Remaining arguments: .
Finding DbContext classes...
Finding IDesignTimeDbContextFactory implementations...
Finding application service provider in assembly 'CP2396H07_G01'...
Finding Microsoft.Extensions.Hosting service provider...
Using environment 'Development'.
Using application service provider from Microsoft.Extensions.Hosting.
Found DbContext 'AppDbContext'.
Finding DbContext classes in the project...
Using context 'AppDbContext'.
warn: Microsoft.EntityFrameworkCore.Model.Validation[30000]
      No store type was specified for the decimal property 'OfflineFee' on entity type 'Class'. This will cause values to be silently truncated if they do not fit in the default precision and scale. Explicitly specify the SQL server column type that can accommodate all the values in 'OnModelCreating' using 'HasColumnType', specify precision and scale using 'HasPrecision', or configure a value converter using 'HasConversion'.
warn: Microsoft.EntityFrameworkCore.Model.Validation[30000]
      No store type was specified for the decimal property 'TuitionFee' on entity type 'Course'. This will cause values to be silently truncated if they do not fit in the default precision and scale. Explicitly specify the SQL server column type that can accommodate all the values in 'OnModelCreating' using 'HasColumnType', specify precision and scale using 'HasPrecision', or configure a value converter using 'HasConversion'.
warn: Microsoft.EntityFrameworkCore.Model.Validation[30000]
      No store type was specified for the decimal property 'Fee' on entity type 'EntranceExam'. This will cause values to be silently truncated if they do not fit in the default precision and scale. Explicitly specify the SQL server column type that can accommodate all the values in 'OnModelCreating' using 'HasColumnType', specify precision and scale using 'HasPrecision', or configure a value converter using 'HasConversion'.
warn: Microsoft.EntityFrameworkCore.Model.Validation[30000]
      No store type was specified for the decimal property 'Amount' on entity type 'Payment'. This will cause values to be silently truncated if they do not fit in the default precision and scale. Explicitly specify the SQL server column type that can accommodate all the values in 'OnModelCreating' using 'HasColumnType', specify precision and scale using 'HasPrecision', or configure a value converter using 'HasConversion'.
Finding design-time services referenced by assembly 'CP2396H07_G01'...
Finding design-time services referenced by assembly 'CP2396H07_G01'...
No referenced design-time services were found.
Finding design-time services for provider 'Microsoft.EntityFrameworkCore.SqlServer'...
Using design-time services from provider 'Microsoft.EntityFrameworkCore.SqlServer'.
Finding IDesignTimeServices implementations in assembly 'CP2396H07_G01'...
No design-time services were found.
info: Microsoft.EntityFrameworkCore.Database.Command[20101]
      Executed DbCommand (12ms) [Parameters=[], CommandType='Text', CommandTimeout='30']
      SELECT 1
Executed DbCommand (12ms) [Parameters=[], CommandType='Text', CommandTimeout='30']
SELECT 1
info: Microsoft.EntityFrameworkCore.Database.Command[20101]
      Executed DbCommand (9ms) [Parameters=[], CommandType='Text', CommandTimeout='30']
      SELECT OBJECT_ID(N'[__EFMigrationsHistory]');
Executed DbCommand (9ms) [Parameters=[], CommandType='Text', CommandTimeout='30']
SELECT OBJECT_ID(N'[__EFMigrationsHistory]');
info: Microsoft.EntityFrameworkCore.Database.Command[20101]
      Executed DbCommand (1ms) [Parameters=[], CommandType='Text', CommandTimeout='30']
      SELECT 1
Executed DbCommand (1ms) [Parameters=[], CommandType='Text', CommandTimeout='30']
SELECT 1
info: Microsoft.EntityFrameworkCore.Database.Command[20101]
      Executed DbCommand (0ms) [Parameters=[], CommandType='Text', CommandTimeout='30']
      SELECT OBJECT_ID(N'[__EFMigrationsHistory]');
Executed DbCommand (0ms) [Parameters=[], CommandType='Text', CommandTimeout='30']
SELECT OBJECT_ID(N'[__EFMigrationsHistory]');
info: Microsoft.EntityFrameworkCore.Database.Command[20101]
      Executed DbCommand (2ms) [Parameters=[], CommandType='Text', CommandTimeout='30']
      SELECT [MigrationId], [ProductVersion]
      FROM [__EFMigrationsHistory]
      ORDER BY [MigrationId];
Executed DbCommand (2ms) [Parameters=[], CommandType='Text', CommandTimeout='30']
SELECT [MigrationId], [ProductVersion]
FROM [__EFMigrationsHistory]
ORDER BY [MigrationId];
info: Microsoft.EntityFrameworkCore.Migrations[20402]
      Applying migration '20260112181702_AddNewModels_Lesson_Quiz_Review'.
Applying migration '20260112181702_AddNewModels_Lesson_Quiz_Review'.
info: Microsoft.EntityFrameworkCore.Database.Command[20101]
      Executed DbCommand (35ms) [Parameters=[], CommandType='Text', CommandTimeout='30']
      DECLARE @var0 sysname;
      SELECT @var0 = [d].[name]
      FROM [sys].[default_constraints] [d]
      INNER JOIN [sys].[columns] [c] ON [d].[parent_column_id] = [c].[column_id] AND [d].[parent_object_id] = [c].[object_id]
      WHERE ([d].[parent_object_id] = OBJECT_ID(N'[StudentRegistrations]') AND [c].[name] = N'Status');
      IF @var0 IS NOT NULL EXEC(N'ALTER TABLE [StudentRegistrations] DROP CONSTRAINT [' + @var0 + '];');
      ALTER TABLE [StudentRegistrations] ALTER COLUMN [Status] int NOT NULL;
Executed DbCommand (35ms) [Parameters=[], CommandType='Text', CommandTimeout='30']
DECLARE @var0 sysname;
SELECT @var0 = [d].[name]
FROM [sys].[default_constraints] [d]
INNER JOIN [sys].[columns] [c] ON [d].[parent_column_id] = [c].[column_id] AND [d].[parent_object_id] = [c].[object_id]
WHERE ([d].[parent_object_id] = OBJECT_ID(N'[StudentRegistrations]') AND [c].[name] = N'Status');
IF @var0 IS NOT NULL EXEC(N'ALTER TABLE [StudentRegistrations] DROP CONSTRAINT [' + @var0 + '];');
ALTER TABLE [StudentRegistrations] ALTER COLUMN [Status] int NOT NULL;
info: Microsoft.EntityFrameworkCore.Database.Command[20101]
      Executed DbCommand (11ms) [Parameters=[], CommandType='Text', CommandTimeout='30']
      DECLARE @var1 sysname;
      SELECT @var1 = [d].[name]
      FROM [sys].[default_constraints] [d]
      INNER JOIN [sys].[columns] [c] ON [d].[parent_column_id] = [c].[column_id] AND [d].[parent_object_id] = [c].[object_id]
      WHERE ([d].[parent_object_id] = OBJECT_ID(N'[StudentRegistrations]') AND [c].[name] = N'Gender');
      IF @var1 IS NOT NULL EXEC(N'ALTER TABLE [StudentRegistrations] DROP CONSTRAINT [' + @var1 + '];');
      ALTER TABLE [StudentRegistrations] ALTER COLUMN [Gender] int NOT NULL;
Executed DbCommand (11ms) [Parameters=[], CommandType='Text', CommandTimeout='30']
DECLARE @var1 sysname;
SELECT @var1 = [d].[name]
FROM [sys].[default_constraints] [d]
INNER JOIN [sys].[columns] [c] ON [d].[parent_column_id] = [c].[column_id] AND [d].[parent_object_id] = [c].[object_id]
WHERE ([d].[parent_object_id] = OBJECT_ID(N'[StudentRegistrations]') AND [c].[name] = N'Gender');
IF @var1 IS NOT NULL EXEC(N'ALTER TABLE [StudentRegistrations] DROP CONSTRAINT [' + @var1 + '];');
ALTER TABLE [StudentRegistrations] ALTER COLUMN [Gender] int NOT NULL;
info: Microsoft.EntityFrameworkCore.Database.Command[20101]
      Executed DbCommand (10ms) [Parameters=[], CommandType='Text', CommandTimeout='30']
      DECLARE @var2 sysname;
      SELECT @var2 = [d].[name]
      FROM [sys].[default_constraints] [d]
      INNER JOIN [sys].[columns] [c] ON [d].[parent_column_id] = [c].[column_id] AND [d].[parent_object_id] = [c].[object_id]
      WHERE ([d].[parent_object_id] = OBJECT_ID(N'[Payments]') AND [c].[name] = N'PaymentMethod');
      IF @var2 IS NOT NULL EXEC(N'ALTER TABLE [Payments] DROP CONSTRAINT [' + @var2 + '];');
      ALTER TABLE [Payments] ALTER COLUMN [PaymentMethod] int NOT NULL;
Executed DbCommand (10ms) [Parameters=[], CommandType='Text', CommandTimeout='30']
DECLARE @var2 sysname;
SELECT @var2 = [d].[name]
FROM [sys].[default_constraints] [d]
INNER JOIN [sys].[columns] [c] ON [d].[parent_column_id] = [c].[column_id] AND [d].[parent_object_id] = [c].[object_id]
WHERE ([d].[parent_object_id] = OBJECT_ID(N'[Payments]') AND [c].[name] = N'PaymentMethod');
IF @var2 IS NOT NULL EXEC(N'ALTER TABLE [Payments] DROP CONSTRAINT [' + @var2 + '];');
ALTER TABLE [Payments] ALTER COLUMN [PaymentMethod] int NOT NULL;
fail: Microsoft.EntityFrameworkCore.Database.Command[20102]
      Failed executing DbCommand (17ms) [Parameters=[], CommandType='Text', CommandTimeout='30']
      DECLARE @var3 sysname;
      SELECT @var3 = [d].[name]
      FROM [sys].[default_constraints] [d]
      INNER JOIN [sys].[columns] [c] ON [d].[parent_column_id] = [c].[column_id] AND [d].[parent_object_id] = [c].[object_id]
      WHERE ([d].[parent_object_id] = OBJECT_ID(N'[Courses]') AND [c].[name] = N'Level');
      IF @var3 IS NOT NULL EXEC(N'ALTER TABLE [Courses] DROP CONSTRAINT [' + @var3 + '];');
      ALTER TABLE [Courses] ALTER COLUMN [Level] int NOT NULL;
Failed executing DbCommand (17ms) [Parameters=[], CommandType='Text', CommandTimeout='30']
DECLARE @var3 sysname;
SELECT @var3 = [d].[name]
FROM [sys].[default_constraints] [d]
INNER JOIN [sys].[columns] [c] ON [d].[parent_column_id] = [c].[column_id] AND [d].[parent_object_id] = [c].[object_id]
WHERE ([d].[parent_object_id] = OBJECT_ID(N'[Courses]') AND [c].[name] = N'Level');
IF @var3 IS NOT NULL EXEC(N'ALTER TABLE [Courses] DROP CONSTRAINT [' + @var3 + '];');
ALTER TABLE [Courses] ALTER COLUMN [Level] int NOT NULL;
Microsoft.Data.SqlClient.SqlException (0x80131904): Conversion failed when converting the nvarchar value 'Intermediate' to data type int.
The statement has been terminated.
   at Microsoft.Data.SqlClient.SqlConnection.OnError(SqlException exception, Boolean breakConnection, Action`1 wrapCloseInAction)
   at Microsoft.Data.SqlClient.SqlInternalConnection.OnError(SqlException exception, Boolean breakConnection, Action`1 wrapCloseInAction)
   at Microsoft.Data.SqlClient.TdsParser.ThrowExceptionAndWarning(TdsParserStateObject stateObj, Boolean callerHasConnectionLock, Boolean asyncClose)
   at Microsoft.Data.SqlClient.TdsParser.TryRun(RunBehavior runBehavior, SqlCommand cmdHandler, SqlDataReader dataStream, BulkCopySimpleResultSet bulkCopyHandler, TdsParserStateObject stateObj, Boolean& dataReady)
   at Microsoft.Data.SqlClient.SqlCommand.RunExecuteNonQueryTds(String methodName, Boolean isAsync, Int32 timeout, Boolean asyncWrite)
   at Microsoft.Data.SqlClient.SqlCommand.InternalExecuteNonQuery(TaskCompletionSource`1 completion, Boolean sendToPipe, Int32 timeout, Boolean& usedCache, Boolean asyncWrite, Boolean inRetry, String methodName)
   at Microsoft.Data.SqlClient.SqlCommand.ExecuteNonQuery()
   at Microsoft.EntityFrameworkCore.Storage.RelationalCommand.ExecuteNonQuery(RelationalCommandParameterObject parameterObject)
   at Microsoft.EntityFrameworkCore.Migrations.MigrationCommand.ExecuteNonQuery(IRelationalConnection connection, IReadOnlyDictionary`2 parameterValues)
   at Microsoft.EntityFrameworkCore.Migrations.Internal.MigrationCommandExecutor.ExecuteNonQuery(IEnumerable`1 migrationCommands, IRelationalConnection connection)
   at Microsoft.EntityFrameworkCore.Migrations.Internal.Migrator.Migrate(String targetMigration)
   at Microsoft.EntityFrameworkCore.Design.Internal.MigrationsOperations.UpdateDatabase(String targetMigration, String connectionString, String contextType)
   at Microsoft.EntityFrameworkCore.Design.OperationExecutor.UpdateDatabaseImpl(String targetMigration, String connectionString, String contextType)
   at Microsoft.EntityFrameworkCore.Design.OperationExecutor.UpdateDatabase.<>c__DisplayClass0_0.<.ctor>b__0()
   at Microsoft.EntityFrameworkCore.Design.OperationExecutor.OperationBase.Execute(Action action)
ClientConnectionId:bf58a553-df13-4006-9b30-ba751f042bc8
Error Number:245,State:1,Class:16
Conversion failed when converting the nvarchar value 'Intermediate' to data type int.
The statement has been terminated.
